Movie [unknown, 2020]: Movie
Movie [unknown, 2020]: Movie
Movie [unknown, 2020]: Movie
Movie [unknown:unknown, 2020]: Movie
Movie [, 2020]: Movie
Movie [::::, 2020]: Movie
Movie [unknown, 2020]: djreglhvbcnfqstuwxymkpioazDJREGLHVBCNFQSTUWXYMKPIOAZ ,.!?':;-
