Playlist [Playlist2]
Playlist [Playlist1]
Song [1, 1]: Song1
Song [2, 2]: Song2
Movie [3, 1990]: Movie3
Movie [4, 1990]: Movie4
Song [5, 5]: Song5
Song [6, 6]: Song6
Playlist [Playlist2]
Playlist [Playlist1]
Song [2, 2]: Song2
Movie [4, 1990]: Movie4
Song [1, 1]: Song1
Movie [3, 1990]: Movie3
Song [5, 5]: Song5
Song [6, 6]: Song6
Playlist [Playlist2]
Playlist [Playlist1]
Movie [3, 1990]: Movie3
Movie [4, 1990]: Movie4
Song [2, 2]: Song2
Song [1, 1]: Song1
Song [5, 5]: Song5
Song [6, 6]: Song6
Playlist [Playlist2]
Playlist [Playlist1]
Movie [4, 1990]: Movie4
Song [1, 1]: Song1
Movie [3, 1990]: Movie3
Song [2, 2]: Song2
Song [5, 5]: Song5
Song [6, 6]: Song6
Playlist [Playlist2]
Song [5, 5]: Song5
Playlist [Playlist1]
Song [1, 1]: Song1
Song [2, 2]: Song2
Movie [3, 1990]: Movie3
Movie [4, 1990]: Movie4
Song [6, 6]: Song6
Playlist [Playlist2]
Song [6, 6]: Song6
Playlist [Playlist1]
Song [1, 1]: Song1
Song [2, 2]: Song2
Movie [3, 1990]: Movie3
Movie [4, 1990]: Movie4
Song [5, 5]: Song5
Playlist [Playlist2]
Song [5, 5]: Song5
Playlist [Playlist1]
Song [2, 2]: Song2
Movie [4, 1990]: Movie4
Song [1, 1]: Song1
Movie [3, 1990]: Movie3
Playlist [Playlist1]
Song [2, 2]: Song2
Movie [4, 1990]: Movie4
Song [1, 1]: Song1
Movie [3, 1990]: Movie3
Song [6, 6]: Song6
Playlist [Playlist3]
Playlist [Playlist6]
Playlist [Playlist2]
Song [5, 5]: Song5
Playlist [Playlist1]
Song [2, 2]: Song2
Movie [4, 1990]: Movie4
Song [1, 1]: Song1
Movie [3, 1990]: Movie3
Playlist [Playlist1]
Song [2, 2]: Song2
Movie [4, 1990]: Movie4
Song [1, 1]: Song1
Movie [3, 1990]: Movie3
Song [6, 6]: Song6
Playlist [Playlist1]
Song [2, 2]: Song2
Movie [4, 1990]: Movie4
Song [1, 1]: Song1
Movie [3, 1990]: Movie3
Playlist [Playlist7]
Playlist [Playlist4]
Playlist [Playlist6]
Playlist [Playlist2]
Song [5, 5]: Song5
Playlist [Playlist1]
Song [2, 2]: Song2
Movie [4, 1990]: Movie4
Song [1, 1]: Song1
Movie [3, 1990]: Movie3
Playlist [Playlist1]
Song [2, 2]: Song2
Movie [4, 1990]: Movie4
Song [1, 1]: Song1
Movie [3, 1990]: Movie3
Song [6, 6]: Song6
Playlist [Playlist1]
Song [2, 2]: Song2
Movie [4, 1990]: Movie4
Song [1, 1]: Song1
Movie [3, 1990]: Movie3
