Playlist [Playlist]
Song [1, 1]: Song1
Song [2, 2]: Song2
Movie [3, 1990]: Movie3
Movie [4, 1990]: Movie4
Playlist [Playlist]
Song [2, 2]: Song2
Movie [4, 1990]: Movie4
Song [1, 1]: Song1
Movie [3, 1990]: Movie3
Playlist [Playlist]
Movie [3, 1990]: Movie3
Movie [4, 1990]: Movie4
Song [2, 2]: Song2
Song [1, 1]: Song1
Playlist [Playlist]
Movie [4, 1990]: Movie4
Song [1, 1]: Song1
Movie [3, 1990]: Movie3
Song [2, 2]: Song2
Playlist [Playlist]
Song [1, 1]: Song1
Song [2, 2]: Song2
Movie [3, 1990]: Movie3
Movie [4, 1990]: Movie4
Playlist [Playlist]
Song [1, 1]: Song1
Song [2, 2]: Song2
Movie [3, 1990]: Movie3
Playlist [Playlist]
Song [1, 1]: Song1
Movie [3, 1990]: Movie3
