Song [unknown, unknown]: Song
Song [unknown, unknown]: Song
Song [unknown, unknown]: Song
Song [unknown:unknown, unknown]: Song
Song [, ]: Song
Song [::::, ]: Song
