=== Playing 'mishmash' (default sequence mode)
Playlist [mishmash]
Movie [Cabaret, 1972]: Displaying Cabaret
Song [Dire Straits, Money for Nothing]: Now look at them yo-yo's that's the way you do it...
Playlist [armstrong]
Song [Louis Armstrong, What a Wonderful World]: I see trees of green, red roses too...
Song [Louis Armstrong, Hello, Dolly!]: Hello, Dolly! This is Louis, Dolly
Song [Dire Straits, Money for Nothing]: Now look at them yo-yo's that's the way you do it...
=== Playing 'mishmash' (shuffle mode, seed 0 for std::default_random_engine)
Playlist [mishmash]
Playlist [armstrong]
Song [Louis Armstrong, What a Wonderful World]: I see trees of green, red roses too...
Song [Louis Armstrong, Hello, Dolly!]: Hello, Dolly! This is Louis, Dolly
Song [Dire Straits, Money for Nothing]: Now look at them yo-yo's that's the way you do it...
Song [Dire Straits, Money for Nothing]: Now look at them yo-yo's that's the way you do it...
Movie [Cabaret, 1972]: Displaying Cabaret
=== Playing 'mishmash' (removed cabaret and last direstraits, odd-even mode)
Playlist [mishmash]
Playlist [armstrong]
Song [Louis Armstrong, What a Wonderful World]: I see trees of green, red roses too...
Song [Louis Armstrong, Hello, Dolly!]: Hello, Dolly! This is Louis, Dolly
Song [Dire Straits, Money for Nothing]: Now look at them yo-yo's that's the way you do it...
=== Playing 'mishmash' (sequence mode, 'armstrong' odd-even mode)
Playlist [mishmash]
Song [Dire Straits, Money for Nothing]: Now look at them yo-yo's that's the way you do it...
Playlist [armstrong]
Song [Louis Armstrong, Hello, Dolly!]: Hello, Dolly! This is Louis, Dolly
Song [Louis Armstrong, What a Wonderful World]: I see trees of green, red roses too...
unsupported type
corrupt file
corrupt content
